
> frontend@0.1.0 test:documents
> vitest run --config vitest.config.mjs


 RUN  v4.1.11 D:/devoxa technologies/EstateSync/frontend


 Test Files  4 passed (4)
      Tests  17 passed (17)
   Start at  00:56:49
   Duration  5.18s (transform 1.82s, setup 0ms, import 5.28s, tests 2.71s, environment 7.03s)


> frontend@0.1.0 build
> next build --webpack

▲ Next.js 16.3.8 (webpack)
- Environments: .env.local
✓ Running next.config.mjs took 29ms
- Experiments (use with caution):
  · cpus: 1

  Creating an optimized production build ...
✓ Compiled successfully in 6.0s
  Running TypeScript ...
  Finished TypeScript in 9.5s ...
  Collecting page data using 1 worker ...
  Generating static pages using 1 worker (0/14) ...
  Generating static pages using 1 worker (3/14) 
  Generating static pages using 1 worker (6/14) 
  Generating static pages using 1 worker (10/14) 
✓ Generating static pages using 1 worker (14/14) in 1146ms
  Finalizing page optimization ...
  Collecting build traces ...

Route (app)
┌ ○ /
├ ○ /_not-found
├ ƒ /api/[...path]
├ ○ /dashboards/accounting
├ ○ /dashboards/admin
├ ○ /dashboards/documents
├ ○ /dashboards/employees
├ ƒ /dashboards/employees/[id]
├ ○ /dashboards/manager
├ ○ /dashboards/wallet
├ ○ /icon.svg
├ ○ /login
├ ○ /privacy
├ ○ /support
└ ○ /terms


○  (Static)   prerendered as static content
ƒ  (Dynamic)  server-rendered on demand

