Additive document migration applied to isolated PostgreSQL successfully.
TAP version 13
# Subtest: HTTP upload uses authenticated raw bytes, rejects missing auth and invalid MIME
ok 1 - HTTP upload uses authenticated raw bytes, rejects missing auth and invalid MIME
  ---
  duration_ms: 1502.5567
  ...
# Subtest: upload-only user can read submission policy but not another transaction
ok 2 - upload-only user can read submission policy but not another transaction
  ---
  duration_ms: 77.8008
  ...
# Subtest: upload replay is actor-scoped and content-bound including concurrent identical retries
ok 3 - upload replay is actor-scoped and content-bound including concurrent identical retries
  ---
  duration_ms: 198.8655
  ...
# Subtest: source-specific access rejects another user expense and cross-module IDs
ok 4 - source-specific access rejects another user expense and cross-module IDs
  ---
  duration_ms: 229.3944
  ...
# Subtest: invalid source and nonexistent identifiers fail safely
ok 5 - invalid source and nonexistent identifiers fail safely
  ---
  duration_ms: 73.9685
  ...
# Subtest: attaches receipts and rejects duplicate hashes without altering financial balances
ok 6 - attaches receipts and rejects duplicate hashes without altering financial balances
  ---
  duration_ms: 218.1346
  ...
# Subtest: private preview and download reject foreign users; authorized bytes match SHA-256
ok 7 - private preview and download reject foreign users; authorized bytes match SHA-256
  ---
  duration_ms: 190.7867
  ...
# Subtest: every non-financial role is denied verify/reject/review
ok 8 - every non-financial role is denied verify/reject/review
  ---
  duration_ms: 378.1529
  ...
# Subtest: rejection requires reason; replacement preserves rejected fields, lineage and audit
ok 9 - rejection requires reason; replacement preserves rejected fields, lineage and audit
  ---
  duration_ms: 449.2773
  ...
# Subtest: parallel verification has exactly one winner
ok 10 - parallel verification has exactly one winner
  ---
  duration_ms: 176.2052
  ...
# Subtest: parallel replacement has one successor and keeps original evidence
ok 11 - parallel replacement has one successor and keeps original evidence
  ---
  duration_ms: 278.0255
  ...
# Subtest: cannot steal, reuse, expire or cross-link staged uploads
ok 12 - cannot steal, reuse, expire or cross-link staged uploads
  ---
  duration_ms: 93.6929
  ...
# Subtest: all existing financial source adapters link evidence
ok 13 - all existing financial source adapters link evidence
  ---
  duration_ms: 539.6982
  ...
# Subtest: required receipt failure rolls back the existing expense wallet mutation
ok 14 - required receipt failure rolls back the existing expense wallet mutation
  ---
  duration_ms: 60.2872
  ...
# Subtest: successful expense posts a balanced journal and links evidence atomically
ok 15 - successful expense posts a balanced journal and links evidence atomically
  ---
  duration_ms: 411.7138
  ...
# Error creating expense: {
#   status: 400,
#   code: 'ACCOUNTING_PERIOD_CLOSED',
#   message: 'Cannot post journal entry: Accounting Period "2026-10" is CLOSED. Postings to closed periods are strictly prohibited.'
# }
# Subtest: closed accounting periods roll back document claims, wallet changes and expenses
ok 16 - closed accounting periods roll back document claims, wallet changes and expenses
  ---
  duration_ms: 122.1092
  ...
# Subtest: customer payment links proof and preserves the global duplicate UTR control
ok 17 - customer payment links proof and preserves the global duplicate UTR control
  ---
  duration_ms: 298.0129
  ...
# Subtest: bank inflow commits evidence with the existing treasury posting
ok 18 - bank inflow commits evidence with the existing treasury posting
  ---
  duration_ms: 251.7465
  ...
# Subtest: one staged upload cannot be consumed concurrently by two transactions
ok 19 - one staged upload cannot be consumed concurrently by two transactions
  ---
  duration_ms: 82.8107
  ...
# Subtest: landowner payout and cancellation refund use their existing financial controllers
ok 20 - landowner payout and cancellation refund use their existing financial controllers
  ---
  duration_ms: 433.6932
  ...
# Audit Log Error: Error: Injected audit outage
#     at Object.create (D:\\devoxa technologies\\EstateSync\\backend\\test\\documents.integration.test.js:239:82)
#     at logAudit (D:\\devoxa technologies\\EstateSync\\backend\\src\\utils\\auditLogger.js:22:30)
#     at audit (D:\\devoxa technologies\\EstateSync\\backend\\src\\services\\documents\\service.js:18:24)
#     at Object.attach (D:\\devoxa technologies\\EstateSync\\backend\\src\\services\\documents\\service.js:98:11)
#     at process.processTicksAndRejections (node:internal/process/task_queues:105:5)
#     at async Proxy._transactionWithCallback (D:\\devoxa technologies\\EstateSync\\backend\\node_modules\\@prisma\\client\\runtime\\binary.js:191:8009)
#     at async waitForActual (node:assert:875:5)
#     at async Function.rejects (node:assert:996:25)
#     at async TestContext.<anonymous> (D:\\devoxa technologies\\EstateSync\\backend\\test\\documents.integration.test.js:238:3)
#     at async Test.run (node:internal/test_runner/test:980:9)
# Subtest: audit failure rolls back evidence and upload consumption
ok 21 - audit failure rolls back evidence and upload consumption
  ---
  duration_ms: 112.9955
  ...
# Subtest: cheque evidence is visible only to financial staff and expired tokens fail
ok 22 - cheque evidence is visible only to financial staff and expired tokens fail
  ---
  duration_ms: 123.0524
  ...
# Subtest: exceptions require a reason and financial review with an audit
ok 23 - exceptions require a reason and financial review with an audit
  ---
  duration_ms: 92.6901
  ...
# Subtest: review queue filters, missing detection, paging, UTR and SQL injection safety
ok 24 - review queue filters, missing detection, paging, UTR and SQL injection safety
  ---
  duration_ms: 80.8916
  ...
# Subtest: live permission revocation invalidates a previously issued token
ok 25 - live permission revocation invalidates a previously issued token
  ---
  duration_ms: 21.6146
  ...
# Subtest: archival keeps evidence and historical access; integrity failure is closed
ok 26 - archival keeps evidence and historical access; integrity failure is closed
  ---
  duration_ms: 119.4984
  ...
# Subtest: verification fails closed when pending evidence has been tampered with
ok 27 - verification fails closed when pending evidence has been tampered with
  ---
  duration_ms: 110.0344
  ...
# Subtest: source lists paginate retained versions without losing policy coverage
ok 28 - source lists paginate retained versions without losing policy coverage
  ---
  duration_ms: 3642.2564
  ...
# Subtest: summary cache invalidates on document changes and separates module/sensitive scopes
ok 29 - summary cache invalidates on document changes and separates module/sensitive scopes
  ---
  duration_ms: 229.8959
  ...
# Subtest: accepts valid PNG and computes a deterministic SHA-256
ok 30 - accepts valid PNG and computes a deterministic SHA-256
  ---
  duration_ms: 75.0531
  ...
# Subtest: accepts fully decoded jpeg evidence
ok 31 - accepts fully decoded jpeg evidence
  ---
  duration_ms: 31.7554
  ...
# Subtest: accepts fully decoded webp evidence
ok 32 - accepts fully decoded webp evidence
  ---
  duration_ms: 50.4768
  ...
# Subtest: mandatory scanner configuration fails closed when unavailable
ok 33 - mandatory scanner configuration fails closed when unavailable
  ---
  duration_ms: 8.2873
  ...
# Subtest: Passenger production uploads fail closed without a scanner
ok 34 - Passenger production uploads fail closed without a scanner
  ---
  duration_ms: 3.9954
  ...
# Subtest: ClamAV INSTREAM scans bytes and rejects malware or scanner errors
ok 35 - ClamAV INSTREAM scans bytes and rejects malware or scanner errors
  ---
  duration_ms: 107.9618
  ...
# Subtest: rejects invalid filename/type "bill.exe"
ok 36 - rejects invalid filename/type "bill.exe"
  ---
  duration_ms: 3.2889
  ...
# Subtest: rejects invalid filename/type "bill.svg"
ok 37 - rejects invalid filename/type "bill.svg"
  ---
  duration_ms: 6.4786
  ...
# Subtest: rejects invalid filename/type "bill.png"
ok 38 - rejects invalid filename/type "bill.png"
  ---
  duration_ms: 4.0991
  ...
# Subtest: rejects invalid filename/type "../bill.png"
ok 39 - rejects invalid filename/type "../bill.png"
  ---
  duration_ms: 1.6371
  ...
# Subtest: rejects invalid filename/type "bill\\n.png"
ok 40 - rejects invalid filename/type "bill\\n.png"
  ---
  duration_ms: 1.9037
  ...
# Subtest: rejects empty files
ok 41 - rejects empty files
  ---
  duration_ms: 0.4039
  ...
# Subtest: rejects size overflow
ok 42 - rejects size overflow
  ---
  duration_ms: 0.3594
  ...
# Subtest: rejects MIME spoofing
ok 43 - rejects MIME spoofing
  ---
  duration_ms: 0.4046
  ...
# Subtest: rejects truncated image with valid magic bytes
ok 44 - rejects truncated image with valid magic bytes
  ---
  duration_ms: 5.5057
  ...
# Subtest: accepts parsed PDF and rejects corrupt PDF
ok 45 - accepts parsed PDF and rejects corrupt PDF
  ---
  duration_ms: 51.1887
  ...
# Subtest: rejects active actions inside nested PDF dictionaries
ok 46 - rejects active actions inside nested PDF dictionaries
  ---
  duration_ms: 8.0677
  ...
# Subtest: source policy EXPENSE rejects unrelated document type
ok 47 - source policy EXPENSE rejects unrelated document type
  ---
  duration_ms: 0.515
  ...
# Subtest: source policy CUSTOMER_PAYMENT rejects unrelated document type
ok 48 - source policy CUSTOMER_PAYMENT rejects unrelated document type
  ---
  duration_ms: 0.1167
  ...
# Subtest: source policy BANK_INFLOW rejects unrelated document type
ok 49 - source policy BANK_INFLOW rejects unrelated document type
  ---
  duration_ms: 0.0926
  ...
# Subtest: source policy LAND_PAYOUT rejects unrelated document type
ok 50 - source policy LAND_PAYOUT rejects unrelated document type
  ---
  duration_ms: 0.1015
  ...
# Subtest: source policy REFUND rejects unrelated document type
ok 51 - source policy REFUND rejects unrelated document type
  ---
  duration_ms: 0.1388
  ...
# Subtest: source policy WALLET_ALLOCATION rejects unrelated document type
ok 52 - source policy WALLET_ALLOCATION rejects unrelated document type
  ---
  duration_ms: 0.1067
  ...
# Subtest: source policy PROPERTY rejects unrelated document type
ok 53 - source policy PROPERTY rejects unrelated document type
  ---
  duration_ms: 0.1019
  ...
# Subtest: rejects invalid source type, inherited keys and IDs
ok 54 - rejects invalid source type, inherited keys and IDs
  ---
  duration_ms: 0.5069
  ...
# Subtest: expense policy requires receipt by default, is configurable, and payment policies share central rules
ok 55 - expense policy requires receipt by default, is configurable, and payment policies share central rules
  ---
  duration_ms: 0.7763
  ...
# Subtest: missing, pending, verified, rejected, replacement and exception states
ok 56 - missing, pending, verified, rejected, replacement and exception states
  ---
  duration_ms: 0.5309
  ...
# Subtest: receipt exceptions cannot waive separate bank proof requirements
ok 57 - receipt exceptions cannot waive separate bank proof requirements
  ---
  duration_ms: 0.3504
  ...
# Subtest: SALES cannot review or access cheque documents even if granted a review permission
ok 58 - SALES cannot review or access cheque documents even if granted a review permission
  ---
  duration_ms: 0.4077
  ...
# Subtest: MARKETING cannot review or access cheque documents even if granted a review permission
ok 59 - MARKETING cannot review or access cheque documents even if granted a review permission
  ---
  duration_ms: 0.3319
  ...
# Subtest: MANAGER cannot review or access cheque documents even if granted a review permission
ok 60 - MANAGER cannot review or access cheque documents even if granted a review permission
  ---
  duration_ms: 0.1809
  ...
# Subtest: OTHER cannot review or access cheque documents even if granted a review permission
ok 61 - OTHER cannot review or access cheque documents even if granted a review permission
  ---
  duration_ms: 0.1281
  ...
# Subtest: private provider rejects traversal, stores exact bytes with opaque keys
ok 62 - private provider rejects traversal, stores exact bytes with opaque keys
  ---
  duration_ms: 38.4614
  ...
# Subtest: private S3 provider stores, retrieves, lists and removes exact bytes without public URLs
ok 63 - private S3 provider stores, retrieves, lists and removes exact bytes without public URLs
  ---
  duration_ms: 40.6493
  ...
# Subtest: private S3 provider paginates and fails closed on storage errors
ok 64 - private S3 provider paginates and fails closed on storage errors
  ---
  duration_ms: 1.7327
  ...
1..64
# tests 64
# suites 0
# pass 64
# fail 0
# cancelled 0
# skipped 0
# todo 0
# duration_ms 11903.3616
Dataset: 10000/10000 rows
EstateSync GitHub Actions validation suite: AFBI48
API base URL: http://127.0.0.1:58260
PASS login admin@estatesync.local -> HTTP 200
PASS login accounting@estatesync.local -> HTTP 200
PASS login sales@estatesync.local -> HTTP 200
PASS login manager@estatesync.local -> HTTP 200
PASS seed treasury inflow for payment and allocation tests -> HTTP 201
PASS block duplicate treasury inflow UTR -> HTTP 400

Customer creation validation
PASS reject customer with missing compulsory field -> HTTP 400
PASS reject customer with alphabetic numeric field -> HTTP 400
PASS reject customer with negative commercial value -> HTTP 400
PASS reject customer with zero area -> HTTP 400
PASS create valid customer -> HTTP 201
PASS reject duplicate customer plot and khata -> HTTP 400
PASS reject customer form entry with special characters in required numeric field -> HTTP 400

Land acquisition validation
PASS reject property with missing land owner contact -> HTTP 400
PASS reject property with alphabetic total land value -> HTTP 400
PASS reject property with negative total land value -> HTTP 400
PASS reject property with special character numeric value -> HTTP 400
PASS create valid property acquisition -> HTTP 201
PASS reject duplicate land acquisition plot and khata -> HTTP 400

Payment function validation
PASS accept customer payment less than payable amount -> HTTP 201
PASS reject customer negative payment amount -> HTTP 400
PASS reject customer zero payment amount -> HTTP 400
PASS reject customer alphabetic payment amount -> HTTP 400
PASS reject customer special character payment amount -> HTTP 400
PASS reject customer payment greater than payable amount -> HTTP 400
PASS reject customer payment without payment mode -> HTTP 400
PASS accept property payout less than payable amount -> HTTP 201
PASS reject property negative payment amount -> HTTP 400
PASS reject property zero payment amount -> HTTP 400
PASS reject property alphabetic payment amount -> HTTP 400
PASS reject property special character payment amount -> HTTP 400
PASS reject property payment greater than payable amount -> HTTP 400
PASS reject property payout without payment mode -> HTTP 400
PASS reject property payout reusing customer UTR -> HTTP 400

Expense validation
PASS fetch expense categories -> HTTP 200
PASS allocate funds for expense test -> HTTP 200
PASS accept valid expense -> HTTP 201
PASS reject expense missing description -> HTTP 400
PASS reject expense negative amount -> HTTP 400
PASS reject expense alphabetic amount -> HTTP 400
PASS reject expense special character amount -> HTTP 400
PASS reject expense over wallet balance -> HTTP 400
PASS reject expense with invalid category id -> HTTP 400

Fund request validation
PASS reject fund request missing manager -> HTTP 400
PASS reject fund request negative amount -> HTTP 400
PASS reject fund request alphabetic amount -> HTTP 400
PASS reject fund request special character amount -> HTTP 400
PASS accept valid fund request -> HTTP 201

ALL CI VALIDATION TESTS PASSED

Cleaning up CI validation data
Ramp to 50 users over 30s, hold 60s
Active users 17/1000, in-flight 0, requests 55, failures 0, 429 0
Active users 33/1000, in-flight 0, requests 156, failures 0, 429 0
Active users 49/1000, in-flight 2, requests 321, failures 0, 429 0
Active users 50/1000, in-flight 1, requests 484, failures 0, 429 0
Active users 50/1000, in-flight 0, requests 649, failures 0, 429 0
Active users 50/1000, in-flight 0, requests 820, failures 0, 429 0
Active users 50/1000, in-flight 0, requests 975, failures 0, 429 0
Active users 50/1000, in-flight 1, requests 1140, failures 0, 429 0
Active users 50/1000, in-flight 0, requests 1296, failures 0, 429 0
STAGE RESULT {"users":50,"passed":true,"requests":977,"failures":0,"worstP95Ms":202,"worstRoute":"/accounts"}
Ramp to 100 users over 30s, hold 60s
Active users 65/1000, in-flight 2, requests 1504, failures 0, 429 0
Active users 82/1000, in-flight 4, requests 1775, failures 0, 429 0
Active users 98/1000, in-flight 3, requests 2091, failures 0, 429 0
Active users 100/1000, in-flight 1, requests 2427, failures 0, 429 0
Active users 100/1000, in-flight 1, requests 2758, failures 0, 429 0
Active users 100/1000, in-flight 5, requests 3082, failures 0, 429 0
Active users 100/1000, in-flight 0, requests 3425, failures 0, 429 0
Active users 100/1000, in-flight 2, requests 3735, failures 0, 429 0
Active users 100/1000, in-flight 0, requests 4059, failures 0, 429 0
STAGE RESULT {"users":100,"passed":true,"requests":1963,"failures":0,"worstP95Ms":656,"worstRoute":"/accounts"}
Ramp to 250 users over 30s, hold 60s
Active users 142/1000, in-flight 2, requests 4507, failures 0, 429 0
Active users 159/1000, in-flight 132, requests 4748, failures 0, 429 0
Active users 222/1000, in-flight 38, requests 5284, failures 0, 429 0
Active users 250/1000, in-flight 127, requests 5852, failures 0, 429 0
Active users 250/1000, in-flight 141, requests 6262, failures 0, 429 0
Active users 250/1000, in-flight 56, requests 6890, failures 0, 429 0
Active users 250/1000, in-flight 40, requests 7522, failures 0, 429 0
Active users 250/1000, in-flight 2, requests 8248, failures 0, 429 0
Active users 250/1000, in-flight 141, requests 8838, failures 0, 429 0
STAGE RESULT {"users":250,"passed":false,"requests":3533,"failures":0,"worstP95Ms":3990,"worstRoute":"/documents/summary"}
Ramp to 500 users over 30s, hold 60s
Active users 266/1000, in-flight 4, requests 9541, failures 0, 429 0
Active users 322/1000, in-flight 205, requests 10248, failures 0, 429 0
Active users 400/1000, in-flight 114, requests 11091, failures 0, 429 0
Active users 477/1000, in-flight 131, requests 12112, failures 0, 429 0
Active users 500/1000, in-flight 133, requests 12974, failures 0, 429 0
Active users 500/1000, in-flight 109, requests 14106, failures 0, 429 0
Active users 500/1000, in-flight 346, requests 14739, failures 0, 429 0
Active users 500/1000, in-flight 109, requests 15950, failures 0, 429 0
Active users 500/1000, in-flight 4, requests 17429, failures 0, 429 0
Active users 500/1000, in-flight 263, requests 18795, failures 0, 429 0
STAGE RESULT {"users":500,"passed":false,"requests":7116,"failures":0,"worstP95Ms":6028,"worstRoute":"/documents/summary"}
Ramp to 1000 users over 30s, hold 60s
Active users 500/1000, in-flight 166, requests 19864, failures 0, 429 0
Active users 557/1000, in-flight 443, requests 20805, failures 0, 429 0
Active users 711/1000, in-flight 403, requests 22228, failures 0, 429 0
Active users 861/1000, in-flight 501, requests 23893, failures 0, 429 0
Active users 1000/1000, in-flight 510, requests 25631, failures 0, 429 0
Active users 1000/1000, in-flight 497, requests 27277, failures 0, 429 0
Active users 1000/1000, in-flight 447, requests 29105, failures 0, 429 0
Active users 1000/1000, in-flight 598, requests 30691, failures 0, 429 0
Active users 1000/1000, in-flight 572, requests 32096, failures 23, 429 0
Active users 1000/1000, in-flight 606, requests 33439, failures 23, 429 0
Active users 1000/1000, in-flight 797, requests 34356, failures 23, 429 0
STAGE RESULT {"users":1000,"passed":false,"requests":9128,"failures":23,"worstP95Ms":9294,"worstRoute":"/customers?page=1&limit=25"}
┌─────────┬──────────────────────────────┬──────────┬──────────┬─────────────┬──────────┬──────────┬────────────────────┬─────────────────────────────────┬─────────────────────┬────────┬───────┬───────┐
│ (index) │ route                        │ requests │ failures │ rateLimited │ timeouts │ maxBytes │ totalMs            │ statusCounts                    │ errorCounts         │ meanMs │ p95Ms │ p99Ms │
├─────────┼──────────────────────────────┼──────────┼──────────┼─────────────┼──────────┼──────────┼────────────────────┼─────────────────────────────────┼─────────────────────┼────────┼───────┼───────┤
│ 0       │ '/auth/login'                │ 1000     │ 0        │ 0           │ 0        │ 2645     │ 4211235.479699999  │ { '200': 1000 }                 │ {}                  │ 4211   │ 6983  │ 7390  │
│ 1       │ '/customers?page=1&limit=25' │ 3425     │ 3        │ 0           │ 0        │ 13963    │ 8597946.530800005  │ { '200': 3422, NO_RESPONSE: 3 } │ { ECONNREFUSED: 3 } │ 2510   │ 7029  │ 9542  │
│ 2       │ '/customers/load-c-1'        │ 3421     │ 0        │ 0           │ 0        │ 991      │ 6448080.464200007  │ { '200': 3421 }                 │ {}                  │ 1885   │ 4881  │ 7695  │
│ 3       │ '/accounts'                  │ 3428     │ 2        │ 0           │ 0        │ 6924     │ 8602406.387500001  │ { '200': 3426, NO_RESPONSE: 2 } │ { ECONNREFUSED: 2 } │ 2509   │ 6320  │ 9349  │
│ 4       │ '/journals?page=1&limit=25'  │ 3419     │ 1        │ 0           │ 0        │ 80974    │ 6636387.605299996  │ { '200': 3418, NO_RESPONSE: 1 } │ { ECONNREFUSED: 1 } │ 1941   │ 4925  │ 8220  │
│ 5       │ '/audit?limit=25'            │ 3427     │ 6        │ 0           │ 0        │ 14174    │ 6482028.934100017  │ { '200': 3421, NO_RESPONSE: 6 } │ { ECONNREFUSED: 6 } │ 1891   │ 4908  │ 7661  │
│ 6       │ '/notes?page=1&limit=25'     │ 3415     │ 1        │ 0           │ 0        │ 9021     │ 6398666.655399998  │ { '200': 3414, NO_RESPONSE: 1 } │ { ECONNREFUSED: 1 } │ 1874   │ 4691  │ 7689  │
│ 7       │ '/notes/stats'               │ 3429     │ 3        │ 0           │ 0        │ 160      │ 6516383.5525       │ { '200': 3426, NO_RESPONSE: 3 } │ { ECONNREFUSED: 3 } │ 1900   │ 4780  │ 7709  │
│ 8       │ '/search?q=load'             │ 3445     │ 1        │ 0           │ 0        │ 1132     │ 6610053.562800006  │ { '200': 3444, NO_RESPONSE: 1 } │ { ECONNREFUSED: 1 } │ 1919   │ 4883  │ 7789  │
│ 9       │ '/documents/summary'         │ 3444     │ 2        │ 0           │ 0        │ 98       │ 8875865.33659999   │ { '200': 3442, NO_RESPONSE: 2 } │ { ECONNREFUSED: 2 } │ 2577   │ 6766  │ 9811  │
│ 10      │ '/dashboard/admin'           │ 3428     │ 4        │ 0           │ 0        │ 648      │ 6797821.2193000065 │ { '200': 3424, NO_RESPONSE: 4 } │ { ECONNREFUSED: 4 } │ 1983   │ 5423  │ 8195  │
└─────────┴──────────────────────────────┴──────────┴──────────┴─────────────┴──────────┴──────────┴────────────────────┴─────────────────────────────────┴─────────────────────┴────────┴───────┴───────┘
Report: D:\devoxa technologies\EstateSync\docs\qa\load-tests\concurrent-2026-10-05T19-29-00-855Z.json
Concurrent load criteria failed; inspect the JSON report
